// Jest Snapshot v1, https://goo.gl/fbAQLP

exports[`should test expense dash baord page 1`] = `<ExpenseDashboardPage />`;
